[1m
ÔòöÔòÉÔòÉÔòÉÔòÉÔòÉÔòÉÔòÉÔòÉÔòÉÔòÉÔòÉÔòÉÔòÉÔòÉÔòÉÔòÉÔòÉÔòÉÔòÉÔòÉÔòÉÔòÉÔòÉÔòÉÔòÉÔòÉÔòÉÔòÉÔòÉÔòÉÔòÉÔòÉÔòÉÔòÉÔòÉÔòÉÔòÉÔòÉÔòÉÔòÉÔòÉÔòÉÔòÉÔòÉÔòÉÔòÉÔòÉÔòÉÔòÉÔòÉÔòÉÔòÉÔòÉÔòÉÔòÉÔòÉÔòÉÔòÉÔòÉÔòÉÔòù[0m
[1mÔòæ          LIBRARY API COMPREHENSIVE TEST SUITE              Ôòæ[0m
[1mÔòÜÔòÉÔòÉÔòÉÔòÉÔòÉÔòÉÔòÉÔòÉÔòÉÔòÉÔòÉÔòÉÔòÉÔòÉÔòÉÔòÉÔòÉÔòÉÔòÉÔòÉÔòÉÔòÉÔòÉÔòÉÔòÉÔòÉÔòÉÔòÉÔòÉÔòÉÔòÉÔòÉÔòÉÔòÉÔòÉÔòÉÔòÉÔòÉÔòÉÔòÉÔòÉÔòÉÔòÉÔòÉÔòÉÔòÉÔòÉÔòÉÔòÉÔòÉÔòÉÔòÉÔòÉÔòÉÔòÉÔòÉÔòÉÔòÉÔòÉÔòÉÔòØ[0m
[1m
============================================================[0m
[1mTEST 1: Admin Login[0m
[1m============================================================[0m
[32mÔ£à Admin login successful[0m
[36mÔä╣´©Å  Admin user: Administrator (Admin)[0m
[1m
============================================================[0m
[1mTEST 2: Create Student User[0m
[1m============================================================[0m
[32mÔ£à Student created successfully[0m
[36mÔä╣´©Å  Student ID: 8[0m
[36mÔä╣´©Å  Barcode: STU1770620060271[0m
[32mÔ£à Student login successful[0m
[1m
============================================================[0m
[1mTEST 3: Create Teacher User[0m
[1m============================================================[0m
[32mÔ£à Teacher created successfully[0m
[36mÔä╣´©Å  Teacher ID: 5[0m
[36mÔä╣´©Å  Barcode: TCH1770620060524[0m
[32mÔ£à Teacher login successful[0m
[1m
============================================================[0m
[1mTEST 4: Create Admin User[0m
[1m============================================================[0m
[32mÔ£à Librarian created successfully[0m
[36mÔä╣´©Å  Librarian ID: 4[0m
[36mÔä╣´©Å  Username: librarian1770620060782[0m
[1m
============================================================[0m
[1mTEST 5: User Creation Validation[0m
[1m============================================================[0m
[32mÔ£à Validation correctly rejected missing password[0m
[1m
============================================================[0m
[1mTEST 6: Create Book Inventory[0m
[1m============================================================[0m
[32mÔ£à Book created successfully[0m
[36mÔä╣´©Å  Book ID: undefined[0m
[36mÔä╣´©Å  Barcode: BK1770620061074[0m
[1m
============================================================[0m
[1mTEST 7: Retrieve Books Inventory[0m
[1m============================================================[0m
[32mÔ£à Retrieved undefined books[0m
[36mÔä╣´©Å  Sample book: N/A[0m
[1m
============================================================[0m
[1mTEST 8: Update Book Inventory[0m
[1m============================================================[0m
[31mÔØî No book ID available for update test[0m
[1m
============================================================[0m
[1mTEST 9: Book Creation Validation[0m
[1m============================================================[0m
[32mÔ£à Validation correctly rejected missing required fields[0m
[1m
============================================================[0m
[1mTEST 10: Student Check-in[0m
[1m============================================================[0m
[32mÔ£à Student checked in successfully[0m
[36mÔä╣´©Å  Log ID: undefined[0m
[1m
============================================================[0m
[1mTEST 11: Student Check-out[0m
[1m============================================================[0m
[32mÔ£à Student checked out successfully[0m
[36mÔä╣´©Å  Log ID: undefined[0m
[1m
============================================================[0m
[1mTEST 12: Teacher Check-in[0m
[1m============================================================[0m
[32mÔ£à Teacher checked in successfully[0m
[36mÔä╣´©Å  Log ID: undefined[0m
[1m
============================================================[0m
[1mTEST 13: Get Attendance Status[0m
[1m============================================================[0m
[32mÔ£à Retrieved attendance status[0m
[36mÔä╣´©Å  Is checked in: false[0m
[1m
============================================================[0m
[1mTEST 14: Admin Get All Attendance Logs[0m
[1m============================================================[0m
[32mÔ£à Retrieved undefined attendance logs[0m
[1m
============================================================[0m
[1mTEST 15: Duplicate Barcode Handling[0m
[1m============================================================[0m
[32mÔ£à Correctly rejected duplicate barcode[0m
[1m
============================================================[0m
[1mTEST SUMMARY[0m
[1m============================================================[0m
[1mTotal Tests: 15[0m
[32mPassed: 14[0m
[31mFailed: 1[0m
[33mSuccess Rate: 93.3%[0m
[31m
ÔÜá´©Å  SOME TESTS FAILED ÔÜá´©Å
[0m
